<html>
<body>
<pre>
<h1>礦ision Build Log</h1>
<h2>Project:</h2>
F:\学习资料\00、整理版\01、STM32F030F4P6\06、源代码\实验一、LED\Project\Project.uvproj
Project File Date:  07/07/2019

<h2>Output:</h2>
Build target 'Target 1'
compiling Serial.c...
linking...
Program Size: Code=9628 RO-data=224 RW-data=44 ZI-data=1636  
FromELF: creating hex file...
".\out\Project.axf" - 0 Error(s), 0 Warning(s).
</pre>
</body>
</html>
理版\\01、STM32F030F4P6\\06、源代码\\实验一、LED\\Project\\out\\Project.axf" 
Set JLink Project File to "F:\学习资料\00、整理版\01、STM32F030F4P6\06、源代码\实验一、LED\Project\JLinkSettings.ini"
* JLink Info: Device "STM32F030C8" selected (64 KB flash, 8 KB RAM).
 
JLink info:
------------
DLL: V4.80g, compiled Feb 13 2014 20:50:02
Firmware: J-Link ARM V8 compiled Jan 31 2018 18:34:52
Hardware: V8.00
S/N : 20080643 
Feature(s) : RDI,FlashDL,FlashBP,JFlash,GDBFull 
 
* JLink Info: Found SWD-DP with ID 0x0BB11477
* JLink Info: Found SWD-DP with ID 0x0BB11477
* JLink Info: Found Cortex-M0 r0p0, Little endian.
* JLink Info: FPUnit: 4 code (BP) slots and 0 literal slots
ROMTableAddr = 0xE00FF003
 
Target info:
------------
Device: STM32F030C8
VTarget = 3.287V
State of Pins: 
TCK: 0, TDI: 0, TDO: 0, TMS: 0, TRES: 1, TRST: 1
Hardware-Breakpoints: 4
Software-Breakpoints: 8192
Watchpoints:          2
JTAG speed: 2000 kHz
 
Erase Done.
Programming Done.
Verify OK.
Application running ...

Hardware-Breakpoints: 4
Software-Breakpoints: 8192
Watchpoints:          2
JTAG speed: 2000 kHz
 
Erase Done.
Programming Done.
Verify OK.
Application running ...
